Archive member included to satisfy reference by file (symbol)

/home/an20421/applied_crypto/scale-hw/build/lpc1313fbd48/lib/libscale.a(scale.o)
                              /tmp/cczNFvym.o (scale_init)
/home/an20421/applied_crypto/scale-hw/build/lpc1313fbd48/lib/libscale.a(bsp.o)
                              /home/an20421/applied_crypto/scale-hw/build/lpc1313fbd48/lib/libscale.a(scale.o) (scale_conf)
/home/an20421/applied_crypto/scale-hw/build/lpc1313fbd48/lib/libscale.a(lpc13xx.o)
                              /home/an20421/applied_crypto/scale-hw/build/lpc1313fbd48/lib/libscale.a(scale.o) (LPC13XX_SYSCON)
/home/an20421/applied_crypto/scale-hw/build/lpc1313fbd48/lib/libscale.a(crt0.o)
                              (__irq_table)
/opt/gcc-arm-none-eabi/7-2017-q4-major/bin/../lib/gcc/arm-none-eabi/7.2.1/../../../../arm-none-eabi/lib/thumb/v7-m/libc.a(lib_a-memcmp.o)
                              /tmp/cczNFvym.o (memcmp)

Allocating common symbols
Common symbol       size              file

scale_conf          0x4               /home/an20421/applied_crypto/scale-hw/build/lpc1313fbd48/lib/libscale.a(bsp.o)

Memory Configuration

Name             Origin             Length             Attributes
rom              0x0000000000000000 0x0000000000008000 xr
ram              0x0000000010000000 0x0000000000002000 xrw
*default*        0x0000000000000000 0xffffffffffffffff

Linker script and memory map

LOAD /tmp/cczNFvym.o
LOAD /home/an20421/applied_crypto/scale-hw/build/lpc1313fbd48/lib/libscale.a
START GROUP
LOAD /opt/gcc-arm-none-eabi/7-2017-q4-major/bin/../lib/gcc/arm-none-eabi/7.2.1/thumb/v7-m/libgcc.a
LOAD /opt/gcc-arm-none-eabi/7-2017-q4-major/bin/../lib/gcc/arm-none-eabi/7.2.1/../../../../arm-none-eabi/lib/thumb/v7-m/libc.a
END GROUP
                0x0000000000000000                . = 0x0

.text           0x0000000000000000      0xc28
                0x0000000000000000                __head_text = .
 *(.data.__irq_handler)
 .data.__irq_handler
                0x0000000000000000       0x40 /home/an20421/applied_crypto/scale-hw/build/lpc1313fbd48/lib/libscale.a(crt0.o)
                0x0000000000000000                __irq_table
 *(.text.__irq_handler)
 .text.__irq_handler
                0x0000000000000040       0x48 /home/an20421/applied_crypto/scale-hw/build/lpc1313fbd48/lib/libscale.a(crt0.o)
                0x0000000000000040                __irq_handler_nul
                0x0000000000000042                __irq_handler_rst
 *(.text*)
 .text          0x0000000000000088      0x254 /tmp/cczNFvym.o
                0x0000000000000088                xtime
                0x000000000000009a                aes_enc_exp_step
                0x00000000000000f0                aes_enc_rnd_key
                0x000000000000010c                aes_enc_rnd_sub
                0x0000000000000124                aes_enc_rnd_row
                0x0000000000000158                aes_enc_rnd_mix
                0x00000000000001e0                octetstr_rd
                0x000000000000020c                octetstr_wr
                0x0000000000000232                aes_init
                0x0000000000000234                aes
 .text.startup  0x00000000000002dc      0x190 /tmp/cczNFvym.o
                0x00000000000002dc                main
 .text          0x000000000000046c      0x4cc /home/an20421/applied_crypto/scale-hw/build/lpc1313fbd48/lib/libscale.a(scale.o)
                0x000000000000046c                scale_init
                0x0000000000000710                scale_delay_us
                0x000000000000072c                scale_delay_ms
                0x0000000000000744                scale_tsc
                0x0000000000000754                scale_gpio_rd
                0x0000000000000790                scale_gpio_wr
                0x00000000000007e0                scale_uart_rd_avail
                0x00000000000007f0                scale_uart_wr_avail
                0x0000000000000800                scale_uart_rd
                0x0000000000000818                scale_uart_wr
                0x0000000000000830                scale_i2c_fsm
                0x0000000000000924                scale_i2c_rd
                0x000000000000092e                scale_i2c_wr
 .text          0x0000000000000938        0x0 /home/an20421/applied_crypto/scale-hw/build/lpc1313fbd48/lib/libscale.a(bsp.o)
 .text          0x0000000000000938        0x0 /home/an20421/applied_crypto/scale-hw/build/lpc1313fbd48/lib/libscale.a(lpc13xx.o)
 .text.lpc13xx  0x0000000000000938        0x8 /home/an20421/applied_crypto/scale-hw/build/lpc1313fbd48/lib/libscale.a(lpc13xx.o)
                0x0000000000000938                lpc13xx_irq_enable
                0x000000000000093c                lpc13xx_irq_unable
 .text          0x0000000000000940        0x0 /home/an20421/applied_crypto/scale-hw/build/lpc1313fbd48/lib/libscale.a(crt0.o)
 .text.__start  0x0000000000000940        0xa /home/an20421/applied_crypto/scale-hw/build/lpc1313fbd48/lib/libscale.a(crt0.o)
                0x0000000000000940                __start
 .text          0x000000000000094a        0x0 /opt/gcc-arm-none-eabi/7-2017-q4-major/bin/../lib/gcc/arm-none-eabi/7.2.1/../../../../arm-none-eabi/lib/thumb/v7-m/libc.a(lib_a-memcmp.o)
 *fill*         0x000000000000094a        0x2 
 .text.memcmp   0x000000000000094c       0x64 /opt/gcc-arm-none-eabi/7-2017-q4-major/bin/../lib/gcc/arm-none-eabi/7.2.1/../../../../arm-none-eabi/lib/thumb/v7-m/libc.a(lib_a-memcmp.o)
                0x000000000000094c                memcmp
 *(.text.*)
 *(.rodata*)
 .rodata        0x00000000000009b0      0x277 /tmp/cczNFvym.o
                0x00000000000009b0                SBOX
                0x0000000000000ab9                XTIME
 *(.rodata.*)
                0x0000000000000c28                . = ALIGN (0x4)
 *fill*         0x0000000000000c27        0x1 
                0x0000000000000c28                __foot_text = .

.glue_7         0x0000000000000c28        0x0
 .glue_7        0x0000000000000c28        0x0 linker stubs

.glue_7t        0x0000000000000c28        0x0
 .glue_7t       0x0000000000000c28        0x0 linker stubs

.vfp11_veneer   0x0000000000000c28        0x0
 .vfp11_veneer  0x0000000000000c28        0x0 linker stubs

.v4_bx          0x0000000000000c28        0x0
 .v4_bx         0x0000000000000c28        0x0 linker stubs

.iplt           0x0000000000000c28        0x0
 .iplt          0x0000000000000c28        0x0 /tmp/cczNFvym.o

.rel.dyn        0x0000000000000c28        0x0
 .rel.iplt      0x0000000000000c28        0x0 /tmp/cczNFvym.o

.data           0x0000000010000000       0x2c load address 0x0000000000000c30
                0x0000000010000000                __head_data = .
 *(.data)
 .data          0x0000000010000000        0x0 /tmp/cczNFvym.o
 .data          0x0000000010000000        0x4 /home/an20421/applied_crypto/scale-hw/build/lpc1313fbd48/lib/libscale.a(scale.o)
                0x0000000010000000                SCALE_CONF
 .data          0x0000000010000004        0x0 /home/an20421/applied_crypto/scale-hw/build/lpc1313fbd48/lib/libscale.a(bsp.o)
 .data          0x0000000010000004        0x0 /home/an20421/applied_crypto/scale-hw/build/lpc1313fbd48/lib/libscale.a(lpc13xx.o)
 .data          0x0000000010000004        0x0 /home/an20421/applied_crypto/scale-hw/build/lpc1313fbd48/lib/libscale.a(crt0.o)
 .data          0x0000000010000004        0x0 /opt/gcc-arm-none-eabi/7-2017-q4-major/bin/../lib/gcc/arm-none-eabi/7.2.1/../../../../arm-none-eabi/lib/thumb/v7-m/libc.a(lib_a-memcmp.o)
 *(.data.*)
 .data.lpc13xx  0x0000000010000004       0x28 /home/an20421/applied_crypto/scale-hw/build/lpc1313fbd48/lib/libscale.a(lpc13xx.o)
                0x0000000010000004                LPC13XX_SYSCON
                0x0000000010000008                LPC13XX_IOCON
                0x000000001000000c                LPC13XX_GPIO0
                0x0000000010000010                LPC13XX_GPIO1
                0x0000000010000014                LPC13XX_GPIO2
                0x0000000010000018                LPC13XX_GPIO3
                0x000000001000001c                LPC13XX_UART
                0x0000000010000020                LPC13XX_I2C
                0x0000000010000024                LPC13XX_FMC
                0x0000000010000028                LPC13XX_SYSTICK
                0x000000001000002c                . = ALIGN (0x4)
                0x000000001000002c                __foot_data = .

.igot.plt       0x000000001000002c        0x0 load address 0x0000000000000c5c
 .igot.plt      0x000000001000002c        0x0 /tmp/cczNFvym.o

.bss            0x0000000010000030        0x4 load address 0x0000000000000c60
                0x0000000010000030                __head_bss = .
 *(.bss)
 .bss           0x0000000010000030        0x0 /tmp/cczNFvym.o
 .bss           0x0000000010000030        0x0 /home/an20421/applied_crypto/scale-hw/build/lpc1313fbd48/lib/libscale.a(scale.o)
 .bss           0x0000000010000030        0x0 /home/an20421/applied_crypto/scale-hw/build/lpc1313fbd48/lib/libscale.a(bsp.o)
 .bss           0x0000000010000030        0x0 /home/an20421/applied_crypto/scale-hw/build/lpc1313fbd48/lib/libscale.a(lpc13xx.o)
 .bss           0x0000000010000030        0x0 /home/an20421/applied_crypto/scale-hw/build/lpc1313fbd48/lib/libscale.a(crt0.o)
 .bss           0x0000000010000030        0x0 /opt/gcc-arm-none-eabi/7-2017-q4-major/bin/../lib/gcc/arm-none-eabi/7.2.1/../../../../arm-none-eabi/lib/thumb/v7-m/libc.a(lib_a-memcmp.o)
 *(.bss.*)
                0x0000000010000030                . = ALIGN (0x4)
                0x0000000010000030                __foot_bss = .
 COMMON         0x0000000010000030        0x4 /home/an20421/applied_crypto/scale-hw/build/lpc1313fbd48/lib/libscale.a(bsp.o)
                0x0000000010000030                scale_conf
                [!provide]                        PROVIDE (__load_text, LOADADDR (.text))
                0x0000000000000c30                PROVIDE (__load_data, LOADADDR (.data))
                0x0000000000000c60                PROVIDE (__load_bss, LOADADDR (.bss))
                0x0000000010002000                PROVIDE (__tos, (ORIGIN (ram) + LENGTH (ram)))
OUTPUT(target.elf elf32-littlearm)

.comment        0x0000000000000000       0x7e
 .comment       0x0000000000000000       0x7e /tmp/cczNFvym.o
                                         0x7f (size before relaxing)
 .comment       0x000000000000007e       0x7f /home/an20421/applied_crypto/scale-hw/build/lpc1313fbd48/lib/libscale.a(scale.o)
 .comment       0x000000000000007e       0x7f /home/an20421/applied_crypto/scale-hw/build/lpc1313fbd48/lib/libscale.a(bsp.o)

.ARM.attributes
                0x0000000000000000       0x31
 .ARM.attributes
                0x0000000000000000       0x33 /tmp/cczNFvym.o
 .ARM.attributes
                0x0000000000000033       0x33 /home/an20421/applied_crypto/scale-hw/build/lpc1313fbd48/lib/libscale.a(scale.o)
 .ARM.attributes
                0x0000000000000066       0x33 /home/an20421/applied_crypto/scale-hw/build/lpc1313fbd48/lib/libscale.a(bsp.o)
 .ARM.attributes
                0x0000000000000099       0x21 /home/an20421/applied_crypto/scale-hw/build/lpc1313fbd48/lib/libscale.a(lpc13xx.o)
 .ARM.attributes
                0x00000000000000ba       0x21 /home/an20421/applied_crypto/scale-hw/build/lpc1313fbd48/lib/libscale.a(crt0.o)
 .ARM.attributes
                0x00000000000000db       0x2d /opt/gcc-arm-none-eabi/7-2017-q4-major/bin/../lib/gcc/arm-none-eabi/7.2.1/../../../../arm-none-eabi/lib/thumb/v7-m/libc.a(lib_a-memcmp.o)

.debug_frame    0x0000000000000000       0x38
 .debug_frame   0x0000000000000000       0x38 /opt/gcc-arm-none-eabi/7-2017-q4-major/bin/../lib/gcc/arm-none-eabi/7.2.1/../../../../arm-none-eabi/lib/thumb/v7-m/libc.a(lib_a-memcmp.o)
