Archive member included to satisfy reference by file (symbol)

/home/an20421/applied_crypto/scale-hw/build/lpc1313fbd48/lib/libscale.a(scale.o)
                              /tmp/ccswNrXr.o (scale_init)
/home/an20421/applied_crypto/scale-hw/build/lpc1313fbd48/lib/libscale.a(bsp.o)
                              /home/an20421/applied_crypto/scale-hw/build/lpc1313fbd48/lib/libscale.a(scale.o) (scale_conf)
/home/an20421/applied_crypto/scale-hw/build/lpc1313fbd48/lib/libscale.a(lpc13xx.o)
                              /home/an20421/applied_crypto/scale-hw/build/lpc1313fbd48/lib/libscale.a(scale.o) (LPC13XX_SYSCON)
/home/an20421/applied_crypto/scale-hw/build/lpc1313fbd48/lib/libscale.a(crt0.o)
                              (__irq_table)
/opt/gcc-arm-none-eabi/7-2017-q4-major/bin/../lib/gcc/arm-none-eabi/7.2.1/../../../../arm-none-eabi/lib/thumb/v7-m/libc.a(lib_a-memcmp.o)
                              /tmp/ccswNrXr.o (memcmp)
/opt/gcc-arm-none-eabi/7-2017-q4-major/bin/../lib/gcc/arm-none-eabi/7.2.1/../../../../arm-none-eabi/lib/thumb/v7-m/libc.a(lib_a-rand.o)
                              /tmp/ccswNrXr.o (srand)
/opt/gcc-arm-none-eabi/7-2017-q4-major/bin/../lib/gcc/arm-none-eabi/7.2.1/../../../../arm-none-eabi/lib/thumb/v7-m/libc.a(lib_a-time.o)
                              /tmp/ccswNrXr.o (time)
/opt/gcc-arm-none-eabi/7-2017-q4-major/bin/../lib/gcc/arm-none-eabi/7.2.1/../../../../arm-none-eabi/lib/thumb/v7-m/libc.a(lib_a-gettimeofdayr.o)
                              /opt/gcc-arm-none-eabi/7-2017-q4-major/bin/../lib/gcc/arm-none-eabi/7.2.1/../../../../arm-none-eabi/lib/thumb/v7-m/libc.a(lib_a-time.o) (_gettimeofday_r)
/opt/gcc-arm-none-eabi/7-2017-q4-major/bin/../lib/gcc/arm-none-eabi/7.2.1/../../../../arm-none-eabi/lib/thumb/v7-m/libc.a(lib_a-impure.o)
                              /opt/gcc-arm-none-eabi/7-2017-q4-major/bin/../lib/gcc/arm-none-eabi/7.2.1/../../../../arm-none-eabi/lib/thumb/v7-m/libc.a(lib_a-rand.o) (_impure_ptr)
/opt/gcc-arm-none-eabi/7-2017-q4-major/bin/../lib/gcc/arm-none-eabi/7.2.1/../../../../arm-none-eabi/lib/thumb/v7-m/libc.a(lib_a-reent.o)
                              /opt/gcc-arm-none-eabi/7-2017-q4-major/bin/../lib/gcc/arm-none-eabi/7.2.1/../../../../arm-none-eabi/lib/thumb/v7-m/libc.a(lib_a-gettimeofdayr.o) (errno)
/opt/gcc-arm-none-eabi/7-2017-q4-major/bin/../lib/gcc/arm-none-eabi/7.2.1/../../../../arm-none-eabi/lib/thumb/v7-m/libc.a(lib_a-freer.o)
                              /opt/gcc-arm-none-eabi/7-2017-q4-major/bin/../lib/gcc/arm-none-eabi/7.2.1/../../../../arm-none-eabi/lib/thumb/v7-m/libc.a(lib_a-reent.o) (_free_r)
/opt/gcc-arm-none-eabi/7-2017-q4-major/bin/../lib/gcc/arm-none-eabi/7.2.1/../../../../arm-none-eabi/lib/thumb/v7-m/libc.a(lib_a-mallocr.o)
                              /opt/gcc-arm-none-eabi/7-2017-q4-major/bin/../lib/gcc/arm-none-eabi/7.2.1/../../../../arm-none-eabi/lib/thumb/v7-m/libc.a(lib_a-freer.o) (__malloc_current_mallinfo)
/opt/gcc-arm-none-eabi/7-2017-q4-major/bin/../lib/gcc/arm-none-eabi/7.2.1/../../../../arm-none-eabi/lib/thumb/v7-m/libc.a(lib_a-mlock.o)
                              /opt/gcc-arm-none-eabi/7-2017-q4-major/bin/../lib/gcc/arm-none-eabi/7.2.1/../../../../arm-none-eabi/lib/thumb/v7-m/libc.a(lib_a-freer.o) (__malloc_lock)
/opt/gcc-arm-none-eabi/7-2017-q4-major/bin/../lib/gcc/arm-none-eabi/7.2.1/../../../../arm-none-eabi/lib/thumb/v7-m/libc.a(lib_a-sbrkr.o)
                              /opt/gcc-arm-none-eabi/7-2017-q4-major/bin/../lib/gcc/arm-none-eabi/7.2.1/../../../../arm-none-eabi/lib/thumb/v7-m/libc.a(lib_a-freer.o) (_sbrk_r)
/opt/gcc-arm-none-eabi/7-2017-q4-major/bin/../lib/gcc/arm-none-eabi/7.2.1/../../../../arm-none-eabi/lib/thumb/v7-m/libc.a(lib_a-lock.o)
                              /opt/gcc-arm-none-eabi/7-2017-q4-major/bin/../lib/gcc/arm-none-eabi/7.2.1/../../../../arm-none-eabi/lib/thumb/v7-m/libc.a(lib_a-mlock.o) (__retarget_lock_acquire_recursive)

Allocating common symbols
Common symbol       size              file

__lock___atexit_recursive_mutex
                    0x1               /opt/gcc-arm-none-eabi/7-2017-q4-major/bin/../lib/gcc/arm-none-eabi/7.2.1/../../../../arm-none-eabi/lib/thumb/v7-m/libc.a(lib_a-lock.o)
__lock___arc4random_mutex
                    0x1               /opt/gcc-arm-none-eabi/7-2017-q4-major/bin/../lib/gcc/arm-none-eabi/7.2.1/../../../../arm-none-eabi/lib/thumb/v7-m/libc.a(lib_a-lock.o)
errno               0x4               /opt/gcc-arm-none-eabi/7-2017-q4-major/bin/../lib/gcc/arm-none-eabi/7.2.1/../../../../arm-none-eabi/lib/thumb/v7-m/libc.a(lib_a-reent.o)
scale_conf          0x4               /home/an20421/applied_crypto/scale-hw/build/lpc1313fbd48/lib/libscale.a(bsp.o)
__lock___env_recursive_mutex
                    0x1               /opt/gcc-arm-none-eabi/7-2017-q4-major/bin/../lib/gcc/arm-none-eabi/7.2.1/../../../../arm-none-eabi/lib/thumb/v7-m/libc.a(lib_a-lock.o)
__lock___sinit_recursive_mutex
                    0x1               /opt/gcc-arm-none-eabi/7-2017-q4-major/bin/../lib/gcc/arm-none-eabi/7.2.1/../../../../arm-none-eabi/lib/thumb/v7-m/libc.a(lib_a-lock.o)
__lock___malloc_recursive_mutex
                    0x1               /opt/gcc-arm-none-eabi/7-2017-q4-major/bin/../lib/gcc/arm-none-eabi/7.2.1/../../../../arm-none-eabi/lib/thumb/v7-m/libc.a(lib_a-lock.o)
__lock___at_quick_exit_mutex
                    0x1               /opt/gcc-arm-none-eabi/7-2017-q4-major/bin/../lib/gcc/arm-none-eabi/7.2.1/../../../../arm-none-eabi/lib/thumb/v7-m/libc.a(lib_a-lock.o)
__lock___dd_hash_mutex
                    0x1               /opt/gcc-arm-none-eabi/7-2017-q4-major/bin/../lib/gcc/arm-none-eabi/7.2.1/../../../../arm-none-eabi/lib/thumb/v7-m/libc.a(lib_a-lock.o)
__lock___tz_mutex   0x1               /opt/gcc-arm-none-eabi/7-2017-q4-major/bin/../lib/gcc/arm-none-eabi/7.2.1/../../../../arm-none-eabi/lib/thumb/v7-m/libc.a(lib_a-lock.o)
__lock___sfp_recursive_mutex
                    0x1               /opt/gcc-arm-none-eabi/7-2017-q4-major/bin/../lib/gcc/arm-none-eabi/7.2.1/../../../../arm-none-eabi/lib/thumb/v7-m/libc.a(lib_a-lock.o)

Memory Configuration

Name             Origin             Length             Attributes
rom              0x0000000000000000 0x0000000000008000 xr
ram              0x0000000010000000 0x0000000000002000 xrw
*default*        0x0000000000000000 0xffffffffffffffff

Linker script and memory map

LOAD /tmp/ccswNrXr.o
LOAD /home/an20421/applied_crypto/scale-hw/build/lpc1313fbd48/lib/libscale.a
START GROUP
LOAD /opt/gcc-arm-none-eabi/7-2017-q4-major/bin/../lib/gcc/arm-none-eabi/7.2.1/thumb/v7-m/libgcc.a
LOAD /opt/gcc-arm-none-eabi/7-2017-q4-major/bin/../lib/gcc/arm-none-eabi/7.2.1/../../../../arm-none-eabi/lib/thumb/v7-m/libc.a
END GROUP
                0x0000000000000000                . = 0x0

.text           0x0000000000000000     0x1698
                0x0000000000000000                __head_text = .
 *(.data.__irq_handler)
 .data.__irq_handler
                0x0000000000000000       0x40 /home/an20421/applied_crypto/scale-hw/build/lpc1313fbd48/lib/libscale.a(crt0.o)
                0x0000000000000000                __irq_table
 *(.text.__irq_handler)
 .text.__irq_handler
                0x0000000000000040       0x48 /home/an20421/applied_crypto/scale-hw/build/lpc1313fbd48/lib/libscale.a(crt0.o)
                0x0000000000000040                __irq_handler_nul
                0x0000000000000042                __irq_handler_rst
 *(.text*)
 .text          0x0000000000000088      0x33c /tmp/ccswNrXr.o
                0x0000000000000088                aes_enc_exp_step
                0x00000000000000e0                aes_enc_rnd_key
                0x00000000000000fc                aes_enc_rnd_sub
                0x0000000000000114                aes_enc_rnd_sub_prng
                0x0000000000000144                aes_enc_rnd_sub_fys
                0x000000000000019c                aes_enc_rnd_row
                0x00000000000001d0                aes_enc_rnd_mix
                0x0000000000000258                octetstr_rd
                0x000000000000027c                octetstr_wr
                0x0000000000000298                aes_init
                0x000000000000031c                aes
 .text.startup  0x00000000000003c4      0x1ac /tmp/ccswNrXr.o
                0x00000000000003c4                main
 .text          0x0000000000000570      0x4cc /home/an20421/applied_crypto/scale-hw/build/lpc1313fbd48/lib/libscale.a(scale.o)
                0x0000000000000570                scale_init
                0x0000000000000814                scale_delay_us
                0x0000000000000830                scale_delay_ms
                0x0000000000000848                scale_tsc
                0x0000000000000858                scale_gpio_rd
                0x0000000000000894                scale_gpio_wr
                0x00000000000008e4                scale_uart_rd_avail
                0x00000000000008f4                scale_uart_wr_avail
                0x0000000000000904                scale_uart_rd
                0x000000000000091c                scale_uart_wr
                0x0000000000000934                scale_i2c_fsm
                0x0000000000000a28                scale_i2c_rd
                0x0000000000000a32                scale_i2c_wr
 .text          0x0000000000000a3c        0x0 /home/an20421/applied_crypto/scale-hw/build/lpc1313fbd48/lib/libscale.a(bsp.o)
 .text          0x0000000000000a3c        0x0 /home/an20421/applied_crypto/scale-hw/build/lpc1313fbd48/lib/libscale.a(lpc13xx.o)
 .text.lpc13xx  0x0000000000000a3c        0x8 /home/an20421/applied_crypto/scale-hw/build/lpc1313fbd48/lib/libscale.a(lpc13xx.o)
                0x0000000000000a3c                lpc13xx_irq_enable
                0x0000000000000a40                lpc13xx_irq_unable
 .text          0x0000000000000a44        0x0 /home/an20421/applied_crypto/scale-hw/build/lpc1313fbd48/lib/libscale.a(crt0.o)
 .text.__start  0x0000000000000a44        0xa /home/an20421/applied_crypto/scale-hw/build/lpc1313fbd48/lib/libscale.a(crt0.o)
                0x0000000000000a44                __start
 .text          0x0000000000000a4e        0x0 /opt/gcc-arm-none-eabi/7-2017-q4-major/bin/../lib/gcc/arm-none-eabi/7.2.1/../../../../arm-none-eabi/lib/thumb/v7-m/libc.a(lib_a-memcmp.o)
 *fill*         0x0000000000000a4e        0x2 
 .text.memcmp   0x0000000000000a50       0x64 /opt/gcc-arm-none-eabi/7-2017-q4-major/bin/../lib/gcc/arm-none-eabi/7.2.1/../../../../arm-none-eabi/lib/thumb/v7-m/libc.a(lib_a-memcmp.o)
                0x0000000000000a50                memcmp
 .text          0x0000000000000ab4        0x0 /opt/gcc-arm-none-eabi/7-2017-q4-major/bin/../lib/gcc/arm-none-eabi/7.2.1/../../../../arm-none-eabi/lib/thumb/v7-m/libc.a(lib_a-rand.o)
 .text.srand    0x0000000000000ab4       0x10 /opt/gcc-arm-none-eabi/7-2017-q4-major/bin/../lib/gcc/arm-none-eabi/7.2.1/../../../../arm-none-eabi/lib/thumb/v7-m/libc.a(lib_a-rand.o)
                0x0000000000000ab4                srand
 .text.rand     0x0000000000000ac4       0x3c /opt/gcc-arm-none-eabi/7-2017-q4-major/bin/../lib/gcc/arm-none-eabi/7.2.1/../../../../arm-none-eabi/lib/thumb/v7-m/libc.a(lib_a-rand.o)
                0x0000000000000ac4                rand
 .text          0x0000000000000b00        0x0 /opt/gcc-arm-none-eabi/7-2017-q4-major/bin/../lib/gcc/arm-none-eabi/7.2.1/../../../../arm-none-eabi/lib/thumb/v7-m/libc.a(lib_a-time.o)
 .text.time     0x0000000000000b00       0x34 /opt/gcc-arm-none-eabi/7-2017-q4-major/bin/../lib/gcc/arm-none-eabi/7.2.1/../../../../arm-none-eabi/lib/thumb/v7-m/libc.a(lib_a-time.o)
                0x0000000000000b00                time
 .text          0x0000000000000b34        0x0 /opt/gcc-arm-none-eabi/7-2017-q4-major/bin/../lib/gcc/arm-none-eabi/7.2.1/../../../../arm-none-eabi/lib/thumb/v7-m/libc.a(lib_a-gettimeofdayr.o)
 .text._gettimeofday_r
                0x0000000000000b34       0x28 /opt/gcc-arm-none-eabi/7-2017-q4-major/bin/../lib/gcc/arm-none-eabi/7.2.1/../../../../arm-none-eabi/lib/thumb/v7-m/libc.a(lib_a-gettimeofdayr.o)
                0x0000000000000b34                _gettimeofday_r
 .text          0x0000000000000b5c        0x0 /opt/gcc-arm-none-eabi/7-2017-q4-major/bin/../lib/gcc/arm-none-eabi/7.2.1/../../../../arm-none-eabi/lib/thumb/v7-m/libc.a(lib_a-impure.o)
 .text          0x0000000000000b5c        0x0 /opt/gcc-arm-none-eabi/7-2017-q4-major/bin/../lib/gcc/arm-none-eabi/7.2.1/../../../../arm-none-eabi/lib/thumb/v7-m/libc.a(lib_a-reent.o)
 .text.cleanup_glue
                0x0000000000000b5c       0x28 /opt/gcc-arm-none-eabi/7-2017-q4-major/bin/../lib/gcc/arm-none-eabi/7.2.1/../../../../arm-none-eabi/lib/thumb/v7-m/libc.a(lib_a-reent.o)
                0x0000000000000b5c                cleanup_glue
 .text._reclaim_reent
                0x0000000000000b84       0x88 /opt/gcc-arm-none-eabi/7-2017-q4-major/bin/../lib/gcc/arm-none-eabi/7.2.1/../../../../arm-none-eabi/lib/thumb/v7-m/libc.a(lib_a-reent.o)
                0x0000000000000b84                _reclaim_reent
 .text          0x0000000000000c0c        0x0 /opt/gcc-arm-none-eabi/7-2017-q4-major/bin/../lib/gcc/arm-none-eabi/7.2.1/../../../../arm-none-eabi/lib/thumb/v7-m/libc.a(lib_a-freer.o)
 .text._malloc_trim_r
                0x0000000000000c0c       0xa0 /opt/gcc-arm-none-eabi/7-2017-q4-major/bin/../lib/gcc/arm-none-eabi/7.2.1/../../../../arm-none-eabi/lib/thumb/v7-m/libc.a(lib_a-freer.o)
                0x0000000000000c0c                _malloc_trim_r
 .text._free_r  0x0000000000000cac      0x1e8 /opt/gcc-arm-none-eabi/7-2017-q4-major/bin/../lib/gcc/arm-none-eabi/7.2.1/../../../../arm-none-eabi/lib/thumb/v7-m/libc.a(lib_a-freer.o)
                0x0000000000000cac                _free_r
 .text          0x0000000000000e94        0x0 /opt/gcc-arm-none-eabi/7-2017-q4-major/bin/../lib/gcc/arm-none-eabi/7.2.1/../../../../arm-none-eabi/lib/thumb/v7-m/libc.a(lib_a-mallocr.o)
 .text._malloc_r
                0x0000000000000e94      0x524 /opt/gcc-arm-none-eabi/7-2017-q4-major/bin/../lib/gcc/arm-none-eabi/7.2.1/../../../../arm-none-eabi/lib/thumb/v7-m/libc.a(lib_a-mallocr.o)
                0x0000000000000e94                _malloc_r
 .text          0x00000000000013b8        0x0 /opt/gcc-arm-none-eabi/7-2017-q4-major/bin/../lib/gcc/arm-none-eabi/7.2.1/../../../../arm-none-eabi/lib/thumb/v7-m/libc.a(lib_a-mlock.o)
 .text.__malloc_lock
                0x00000000000013b8        0xc /opt/gcc-arm-none-eabi/7-2017-q4-major/bin/../lib/gcc/arm-none-eabi/7.2.1/../../../../arm-none-eabi/lib/thumb/v7-m/libc.a(lib_a-mlock.o)
                0x00000000000013b8                __malloc_lock
 .text.__malloc_unlock
                0x00000000000013c4        0xc /opt/gcc-arm-none-eabi/7-2017-q4-major/bin/../lib/gcc/arm-none-eabi/7.2.1/../../../../arm-none-eabi/lib/thumb/v7-m/libc.a(lib_a-mlock.o)
                0x00000000000013c4                __malloc_unlock
 .text          0x00000000000013d0        0x0 /opt/gcc-arm-none-eabi/7-2017-q4-major/bin/../lib/gcc/arm-none-eabi/7.2.1/../../../../arm-none-eabi/lib/thumb/v7-m/libc.a(lib_a-sbrkr.o)
 .text._sbrk_r  0x00000000000013d0       0x24 /opt/gcc-arm-none-eabi/7-2017-q4-major/bin/../lib/gcc/arm-none-eabi/7.2.1/../../../../arm-none-eabi/lib/thumb/v7-m/libc.a(lib_a-sbrkr.o)
                0x00000000000013d0                _sbrk_r
 .text          0x00000000000013f4        0x0 /opt/gcc-arm-none-eabi/7-2017-q4-major/bin/../lib/gcc/arm-none-eabi/7.2.1/../../../../arm-none-eabi/lib/thumb/v7-m/libc.a(lib_a-lock.o)
 .text.__retarget_lock_init
                0x00000000000013f4        0x4 /opt/gcc-arm-none-eabi/7-2017-q4-major/bin/../lib/gcc/arm-none-eabi/7.2.1/../../../../arm-none-eabi/lib/thumb/v7-m/libc.a(lib_a-lock.o)
                0x00000000000013f4                __retarget_lock_init
 .text.__retarget_lock_init_recursive
                0x00000000000013f8        0x4 /opt/gcc-arm-none-eabi/7-2017-q4-major/bin/../lib/gcc/arm-none-eabi/7.2.1/../../../../arm-none-eabi/lib/thumb/v7-m/libc.a(lib_a-lock.o)
                0x00000000000013f8                __retarget_lock_init_recursive
 .text.__retarget_lock_close
                0x00000000000013fc        0x4 /opt/gcc-arm-none-eabi/7-2017-q4-major/bin/../lib/gcc/arm-none-eabi/7.2.1/../../../../arm-none-eabi/lib/thumb/v7-m/libc.a(lib_a-lock.o)
                0x00000000000013fc                __retarget_lock_close
 .text.__retarget_lock_close_recursive
                0x0000000000001400        0x4 /opt/gcc-arm-none-eabi/7-2017-q4-major/bin/../lib/gcc/arm-none-eabi/7.2.1/../../../../arm-none-eabi/lib/thumb/v7-m/libc.a(lib_a-lock.o)
                0x0000000000001400                __retarget_lock_close_recursive
 .text.__retarget_lock_acquire
                0x0000000000001404        0x4 /opt/gcc-arm-none-eabi/7-2017-q4-major/bin/../lib/gcc/arm-none-eabi/7.2.1/../../../../arm-none-eabi/lib/thumb/v7-m/libc.a(lib_a-lock.o)
                0x0000000000001404                __retarget_lock_acquire
 .text.__retarget_lock_acquire_recursive
                0x0000000000001408        0x4 /opt/gcc-arm-none-eabi/7-2017-q4-major/bin/../lib/gcc/arm-none-eabi/7.2.1/../../../../arm-none-eabi/lib/thumb/v7-m/libc.a(lib_a-lock.o)
                0x0000000000001408                __retarget_lock_acquire_recursive
 .text.__retarget_lock_try_acquire
                0x000000000000140c        0x4 /opt/gcc-arm-none-eabi/7-2017-q4-major/bin/../lib/gcc/arm-none-eabi/7.2.1/../../../../arm-none-eabi/lib/thumb/v7-m/libc.a(lib_a-lock.o)
                0x000000000000140c                __retarget_lock_try_acquire
 .text.__retarget_lock_try_acquire_recursive
                0x0000000000001410        0x4 /opt/gcc-arm-none-eabi/7-2017-q4-major/bin/../lib/gcc/arm-none-eabi/7.2.1/../../../../arm-none-eabi/lib/thumb/v7-m/libc.a(lib_a-lock.o)
                0x0000000000001410                __retarget_lock_try_acquire_recursive
 .text.__retarget_lock_release
                0x0000000000001414        0x4 /opt/gcc-arm-none-eabi/7-2017-q4-major/bin/../lib/gcc/arm-none-eabi/7.2.1/../../../../arm-none-eabi/lib/thumb/v7-m/libc.a(lib_a-lock.o)
                0x0000000000001414                __retarget_lock_release
 .text.__retarget_lock_release_recursive
                0x0000000000001418        0x4 /opt/gcc-arm-none-eabi/7-2017-q4-major/bin/../lib/gcc/arm-none-eabi/7.2.1/../../../../arm-none-eabi/lib/thumb/v7-m/libc.a(lib_a-lock.o)
                0x0000000000001418                __retarget_lock_release_recursive
 *(.text.*)
 *(.rodata*)
 .rodata        0x000000000000141c      0x277 /tmp/ccswNrXr.o
                0x000000000000141c                SBOX
                0x0000000000001525                XTIME
 *fill*         0x0000000000001693        0x1 
 .rodata._global_impure_ptr
                0x0000000000001694        0x4 /opt/gcc-arm-none-eabi/7-2017-q4-major/bin/../lib/gcc/arm-none-eabi/7.2.1/../../../../arm-none-eabi/lib/thumb/v7-m/libc.a(lib_a-impure.o)
                0x0000000000001694                _global_impure_ptr
 *(.rodata.*)
                0x0000000000001698                . = ALIGN (0x4)
                0x0000000000001698                __foot_text = .

.glue_7         0x0000000000001698        0x0
 .glue_7        0x0000000000001698        0x0 linker stubs

.glue_7t        0x0000000000001698        0x0
 .glue_7t       0x0000000000001698        0x0 linker stubs

.vfp11_veneer   0x0000000000001698        0x0
 .vfp11_veneer  0x0000000000001698        0x0 linker stubs

.v4_bx          0x0000000000001698        0x0
 .v4_bx         0x0000000000001698        0x0 linker stubs

.iplt           0x0000000000001698        0x0
 .iplt          0x0000000000001698        0x0 /tmp/ccswNrXr.o

.rel.dyn        0x0000000000001698        0x0
 .rel.iplt      0x0000000000001698        0x0 /tmp/ccswNrXr.o

.data           0x0000000010000000      0x868 load address 0x00000000000016a0
                0x0000000010000000                __head_data = .
 *(.data)
 .data          0x0000000010000000        0x0 /tmp/ccswNrXr.o
 .data          0x0000000010000000        0x4 /home/an20421/applied_crypto/scale-hw/build/lpc1313fbd48/lib/libscale.a(scale.o)
                0x0000000010000000                SCALE_CONF
 .data          0x0000000010000004        0x0 /home/an20421/applied_crypto/scale-hw/build/lpc1313fbd48/lib/libscale.a(bsp.o)
 .data          0x0000000010000004        0x0 /home/an20421/applied_crypto/scale-hw/build/lpc1313fbd48/lib/libscale.a(lpc13xx.o)
 .data          0x0000000010000004        0x0 /home/an20421/applied_crypto/scale-hw/build/lpc1313fbd48/lib/libscale.a(crt0.o)
 .data          0x0000000010000004        0x0 /opt/gcc-arm-none-eabi/7-2017-q4-major/bin/../lib/gcc/arm-none-eabi/7.2.1/../../../../arm-none-eabi/lib/thumb/v7-m/libc.a(lib_a-memcmp.o)
 .data          0x0000000010000004        0x0 /opt/gcc-arm-none-eabi/7-2017-q4-major/bin/../lib/gcc/arm-none-eabi/7.2.1/../../../../arm-none-eabi/lib/thumb/v7-m/libc.a(lib_a-rand.o)
 .data          0x0000000010000004        0x0 /opt/gcc-arm-none-eabi/7-2017-q4-major/bin/../lib/gcc/arm-none-eabi/7.2.1/../../../../arm-none-eabi/lib/thumb/v7-m/libc.a(lib_a-time.o)
 .data          0x0000000010000004        0x0 /opt/gcc-arm-none-eabi/7-2017-q4-major/bin/../lib/gcc/arm-none-eabi/7.2.1/../../../../arm-none-eabi/lib/thumb/v7-m/libc.a(lib_a-gettimeofdayr.o)
 .data          0x0000000010000004        0x0 /opt/gcc-arm-none-eabi/7-2017-q4-major/bin/../lib/gcc/arm-none-eabi/7.2.1/../../../../arm-none-eabi/lib/thumb/v7-m/libc.a(lib_a-impure.o)
 .data          0x0000000010000004        0x0 /opt/gcc-arm-none-eabi/7-2017-q4-major/bin/../lib/gcc/arm-none-eabi/7.2.1/../../../../arm-none-eabi/lib/thumb/v7-m/libc.a(lib_a-reent.o)
 .data          0x0000000010000004        0x0 /opt/gcc-arm-none-eabi/7-2017-q4-major/bin/../lib/gcc/arm-none-eabi/7.2.1/../../../../arm-none-eabi/lib/thumb/v7-m/libc.a(lib_a-freer.o)
 .data          0x0000000010000004        0x0 /opt/gcc-arm-none-eabi/7-2017-q4-major/bin/../lib/gcc/arm-none-eabi/7.2.1/../../../../arm-none-eabi/lib/thumb/v7-m/libc.a(lib_a-mallocr.o)
 .data          0x0000000010000004        0x0 /opt/gcc-arm-none-eabi/7-2017-q4-major/bin/../lib/gcc/arm-none-eabi/7.2.1/../../../../arm-none-eabi/lib/thumb/v7-m/libc.a(lib_a-mlock.o)
 .data          0x0000000010000004        0x0 /opt/gcc-arm-none-eabi/7-2017-q4-major/bin/../lib/gcc/arm-none-eabi/7.2.1/../../../../arm-none-eabi/lib/thumb/v7-m/libc.a(lib_a-sbrkr.o)
 .data          0x0000000010000004        0x0 /opt/gcc-arm-none-eabi/7-2017-q4-major/bin/../lib/gcc/arm-none-eabi/7.2.1/../../../../arm-none-eabi/lib/thumb/v7-m/libc.a(lib_a-lock.o)
 *(.data.*)
 .data.lpc13xx  0x0000000010000004       0x28 /home/an20421/applied_crypto/scale-hw/build/lpc1313fbd48/lib/libscale.a(lpc13xx.o)
                0x0000000010000004                LPC13XX_SYSCON
                0x0000000010000008                LPC13XX_IOCON
                0x000000001000000c                LPC13XX_GPIO0
                0x0000000010000010                LPC13XX_GPIO1
                0x0000000010000014                LPC13XX_GPIO2
                0x0000000010000018                LPC13XX_GPIO3
                0x000000001000001c                LPC13XX_UART
                0x0000000010000020                LPC13XX_I2C
                0x0000000010000024                LPC13XX_FMC
                0x0000000010000028                LPC13XX_SYSTICK
 .data._impure_ptr
                0x000000001000002c        0x4 /opt/gcc-arm-none-eabi/7-2017-q4-major/bin/../lib/gcc/arm-none-eabi/7.2.1/../../../../arm-none-eabi/lib/thumb/v7-m/libc.a(lib_a-impure.o)
                0x000000001000002c                _impure_ptr
 .data.impure_data
                0x0000000010000030      0x428 /opt/gcc-arm-none-eabi/7-2017-q4-major/bin/../lib/gcc/arm-none-eabi/7.2.1/../../../../arm-none-eabi/lib/thumb/v7-m/libc.a(lib_a-impure.o)
 .data.__malloc_av_
                0x0000000010000458      0x408 /opt/gcc-arm-none-eabi/7-2017-q4-major/bin/../lib/gcc/arm-none-eabi/7.2.1/../../../../arm-none-eabi/lib/thumb/v7-m/libc.a(lib_a-mallocr.o)
                0x0000000010000458                __malloc_av_
 .data.__malloc_sbrk_base
                0x0000000010000860        0x4 /opt/gcc-arm-none-eabi/7-2017-q4-major/bin/../lib/gcc/arm-none-eabi/7.2.1/../../../../arm-none-eabi/lib/thumb/v7-m/libc.a(lib_a-mallocr.o)
                0x0000000010000860                __malloc_sbrk_base
 .data.__malloc_trim_threshold
                0x0000000010000864        0x4 /opt/gcc-arm-none-eabi/7-2017-q4-major/bin/../lib/gcc/arm-none-eabi/7.2.1/../../../../arm-none-eabi/lib/thumb/v7-m/libc.a(lib_a-mallocr.o)
                0x0000000010000864                __malloc_trim_threshold
                0x0000000010000868                . = ALIGN (0x4)
                0x0000000010000868                __foot_data = .

.igot.plt       0x0000000010000868        0x0 load address 0x0000000000001f08
 .igot.plt      0x0000000010000868        0x0 /tmp/ccswNrXr.o

.bss            0x0000000010000870       0x5d load address 0x0000000000001f10
                0x0000000010000870                __head_bss = .
 *(.bss)
 .bss           0x0000000010000870        0x0 /tmp/ccswNrXr.o
 .bss           0x0000000010000870        0x0 /home/an20421/applied_crypto/scale-hw/build/lpc1313fbd48/lib/libscale.a(scale.o)
 .bss           0x0000000010000870        0x0 /home/an20421/applied_crypto/scale-hw/build/lpc1313fbd48/lib/libscale.a(bsp.o)
 .bss           0x0000000010000870        0x0 /home/an20421/applied_crypto/scale-hw/build/lpc1313fbd48/lib/libscale.a(lpc13xx.o)
 .bss           0x0000000010000870        0x0 /home/an20421/applied_crypto/scale-hw/build/lpc1313fbd48/lib/libscale.a(crt0.o)
 .bss           0x0000000010000870        0x0 /opt/gcc-arm-none-eabi/7-2017-q4-major/bin/../lib/gcc/arm-none-eabi/7.2.1/../../../../arm-none-eabi/lib/thumb/v7-m/libc.a(lib_a-memcmp.o)
 .bss           0x0000000010000870        0x0 /opt/gcc-arm-none-eabi/7-2017-q4-major/bin/../lib/gcc/arm-none-eabi/7.2.1/../../../../arm-none-eabi/lib/thumb/v7-m/libc.a(lib_a-rand.o)
 .bss           0x0000000010000870        0x0 /opt/gcc-arm-none-eabi/7-2017-q4-major/bin/../lib/gcc/arm-none-eabi/7.2.1/../../../../arm-none-eabi/lib/thumb/v7-m/libc.a(lib_a-time.o)
 .bss           0x0000000010000870        0x0 /opt/gcc-arm-none-eabi/7-2017-q4-major/bin/../lib/gcc/arm-none-eabi/7.2.1/../../../../arm-none-eabi/lib/thumb/v7-m/libc.a(lib_a-gettimeofdayr.o)
 .bss           0x0000000010000870        0x0 /opt/gcc-arm-none-eabi/7-2017-q4-major/bin/../lib/gcc/arm-none-eabi/7.2.1/../../../../arm-none-eabi/lib/thumb/v7-m/libc.a(lib_a-impure.o)
 .bss           0x0000000010000870        0x0 /opt/gcc-arm-none-eabi/7-2017-q4-major/bin/../lib/gcc/arm-none-eabi/7.2.1/../../../../arm-none-eabi/lib/thumb/v7-m/libc.a(lib_a-reent.o)
 .bss           0x0000000010000870        0x0 /opt/gcc-arm-none-eabi/7-2017-q4-major/bin/../lib/gcc/arm-none-eabi/7.2.1/../../../../arm-none-eabi/lib/thumb/v7-m/libc.a(lib_a-freer.o)
 .bss           0x0000000010000870        0x0 /opt/gcc-arm-none-eabi/7-2017-q4-major/bin/../lib/gcc/arm-none-eabi/7.2.1/../../../../arm-none-eabi/lib/thumb/v7-m/libc.a(lib_a-mallocr.o)
 .bss           0x0000000010000870        0x0 /opt/gcc-arm-none-eabi/7-2017-q4-major/bin/../lib/gcc/arm-none-eabi/7.2.1/../../../../arm-none-eabi/lib/thumb/v7-m/libc.a(lib_a-mlock.o)
 .bss           0x0000000010000870        0x0 /opt/gcc-arm-none-eabi/7-2017-q4-major/bin/../lib/gcc/arm-none-eabi/7.2.1/../../../../arm-none-eabi/lib/thumb/v7-m/libc.a(lib_a-sbrkr.o)
 .bss           0x0000000010000870        0x0 /opt/gcc-arm-none-eabi/7-2017-q4-major/bin/../lib/gcc/arm-none-eabi/7.2.1/../../../../arm-none-eabi/lib/thumb/v7-m/libc.a(lib_a-lock.o)
 *(.bss.*)
 .bss.__malloc_current_mallinfo
                0x0000000010000870       0x28 /opt/gcc-arm-none-eabi/7-2017-q4-major/bin/../lib/gcc/arm-none-eabi/7.2.1/../../../../arm-none-eabi/lib/thumb/v7-m/libc.a(lib_a-mallocr.o)
                0x0000000010000870                __malloc_current_mallinfo
 .bss.__malloc_max_sbrked_mem
                0x0000000010000898        0x4 /opt/gcc-arm-none-eabi/7-2017-q4-major/bin/../lib/gcc/arm-none-eabi/7.2.1/../../../../arm-none-eabi/lib/thumb/v7-m/libc.a(lib_a-mallocr.o)
                0x0000000010000898                __malloc_max_sbrked_mem
 .bss.__malloc_max_total_mem
                0x000000001000089c        0x4 /opt/gcc-arm-none-eabi/7-2017-q4-major/bin/../lib/gcc/arm-none-eabi/7.2.1/../../../../arm-none-eabi/lib/thumb/v7-m/libc.a(lib_a-mallocr.o)
                0x000000001000089c                __malloc_max_total_mem
 .bss.__malloc_top_pad
                0x00000000100008a0        0x4 /opt/gcc-arm-none-eabi/7-2017-q4-major/bin/../lib/gcc/arm-none-eabi/7.2.1/../../../../arm-none-eabi/lib/thumb/v7-m/libc.a(lib_a-mallocr.o)
                0x00000000100008a0                __malloc_top_pad
                0x00000000100008a4                . = ALIGN (0x4)
                0x00000000100008a4                __foot_bss = .
 COMMON         0x00000000100008a4        0x4 /home/an20421/applied_crypto/scale-hw/build/lpc1313fbd48/lib/libscale.a(bsp.o)
                0x00000000100008a4                scale_conf
 COMMON         0x00000000100008a8        0x4 /opt/gcc-arm-none-eabi/7-2017-q4-major/bin/../lib/gcc/arm-none-eabi/7.2.1/../../../../arm-none-eabi/lib/thumb/v7-m/libc.a(lib_a-reent.o)
                0x00000000100008a8                errno
 COMMON         0x00000000100008ac       0x21 /opt/gcc-arm-none-eabi/7-2017-q4-major/bin/../lib/gcc/arm-none-eabi/7.2.1/../../../../arm-none-eabi/lib/thumb/v7-m/libc.a(lib_a-lock.o)
                0x00000000100008ac                __lock___atexit_recursive_mutex
                0x00000000100008b0                __lock___arc4random_mutex
                0x00000000100008b4                __lock___env_recursive_mutex
                0x00000000100008b8                __lock___sinit_recursive_mutex
                0x00000000100008bc                __lock___malloc_recursive_mutex
                0x00000000100008c0                __lock___at_quick_exit_mutex
                0x00000000100008c4                __lock___dd_hash_mutex
                0x00000000100008c8                __lock___tz_mutex
                0x00000000100008cc                __lock___sfp_recursive_mutex
                [!provide]                        PROVIDE (__load_text, LOADADDR (.text))
                0x00000000000016a0                PROVIDE (__load_data, LOADADDR (.data))
                0x0000000000001f10                PROVIDE (__load_bss, LOADADDR (.bss))
                0x0000000010002000                PROVIDE (__tos, (ORIGIN (ram) + LENGTH (ram)))
OUTPUT(target-cm.elf elf32-littlearm)

.comment        0x0000000000000000       0x7e
 .comment       0x0000000000000000       0x7e /tmp/ccswNrXr.o
                                         0x7f (size before relaxing)
 .comment       0x000000000000007e       0x7f /home/an20421/applied_crypto/scale-hw/build/lpc1313fbd48/lib/libscale.a(scale.o)
 .comment       0x000000000000007e       0x7f /home/an20421/applied_crypto/scale-hw/build/lpc1313fbd48/lib/libscale.a(bsp.o)

.ARM.attributes
                0x0000000000000000       0x31
 .ARM.attributes
                0x0000000000000000       0x33 /tmp/ccswNrXr.o
 .ARM.attributes
                0x0000000000000033       0x33 /home/an20421/applied_crypto/scale-hw/build/lpc1313fbd48/lib/libscale.a(scale.o)
 .ARM.attributes
                0x0000000000000066       0x33 /home/an20421/applied_crypto/scale-hw/build/lpc1313fbd48/lib/libscale.a(bsp.o)
 .ARM.attributes
                0x0000000000000099       0x21 /home/an20421/applied_crypto/scale-hw/build/lpc1313fbd48/lib/libscale.a(lpc13xx.o)
 .ARM.attributes
                0x00000000000000ba       0x21 /home/an20421/applied_crypto/scale-hw/build/lpc1313fbd48/lib/libscale.a(crt0.o)
 .ARM.attributes
                0x00000000000000db       0x2d /opt/gcc-arm-none-eabi/7-2017-q4-major/bin/../lib/gcc/arm-none-eabi/7.2.1/../../../../arm-none-eabi/lib/thumb/v7-m/libc.a(lib_a-memcmp.o)
 .ARM.attributes
                0x0000000000000108       0x2d /opt/gcc-arm-none-eabi/7-2017-q4-major/bin/../lib/gcc/arm-none-eabi/7.2.1/../../../../arm-none-eabi/lib/thumb/v7-m/libc.a(lib_a-rand.o)
 .ARM.attributes
                0x0000000000000135       0x2d /opt/gcc-arm-none-eabi/7-2017-q4-major/bin/../lib/gcc/arm-none-eabi/7.2.1/../../../../arm-none-eabi/lib/thumb/v7-m/libc.a(lib_a-time.o)
 .ARM.attributes
                0x0000000000000162       0x2d /opt/gcc-arm-none-eabi/7-2017-q4-major/bin/../lib/gcc/arm-none-eabi/7.2.1/../../../../arm-none-eabi/lib/thumb/v7-m/libc.a(lib_a-gettimeofdayr.o)
 .ARM.attributes
                0x000000000000018f       0x2d /opt/gcc-arm-none-eabi/7-2017-q4-major/bin/../lib/gcc/arm-none-eabi/7.2.1/../../../../arm-none-eabi/lib/thumb/v7-m/libc.a(lib_a-impure.o)
 .ARM.attributes
                0x00000000000001bc       0x2d /opt/gcc-arm-none-eabi/7-2017-q4-major/bin/../lib/gcc/arm-none-eabi/7.2.1/../../../../arm-none-eabi/lib/thumb/v7-m/libc.a(lib_a-reent.o)
 .ARM.attributes
                0x00000000000001e9       0x2d /opt/gcc-arm-none-eabi/7-2017-q4-major/bin/../lib/gcc/arm-none-eabi/7.2.1/../../../../arm-none-eabi/lib/thumb/v7-m/libc.a(lib_a-freer.o)
 .ARM.attributes
                0x0000000000000216       0x2d /opt/gcc-arm-none-eabi/7-2017-q4-major/bin/../lib/gcc/arm-none-eabi/7.2.1/../../../../arm-none-eabi/lib/thumb/v7-m/libc.a(lib_a-mallocr.o)
 .ARM.attributes
                0x0000000000000243       0x2d /opt/gcc-arm-none-eabi/7-2017-q4-major/bin/../lib/gcc/arm-none-eabi/7.2.1/../../../../arm-none-eabi/lib/thumb/v7-m/libc.a(lib_a-mlock.o)
 .ARM.attributes
                0x0000000000000270       0x2d /opt/gcc-arm-none-eabi/7-2017-q4-major/bin/../lib/gcc/arm-none-eabi/7.2.1/../../../../arm-none-eabi/lib/thumb/v7-m/libc.a(lib_a-sbrkr.o)
 .ARM.attributes
                0x000000000000029d       0x2d /opt/gcc-arm-none-eabi/7-2017-q4-major/bin/../lib/gcc/arm-none-eabi/7.2.1/../../../../arm-none-eabi/lib/thumb/v7-m/libc.a(lib_a-lock.o)

.debug_frame    0x0000000000000000      0x310
 .debug_frame   0x0000000000000000       0x38 /opt/gcc-arm-none-eabi/7-2017-q4-major/bin/../lib/gcc/arm-none-eabi/7.2.1/../../../../arm-none-eabi/lib/thumb/v7-m/libc.a(lib_a-memcmp.o)
 .debug_frame   0x0000000000000038       0x3c /opt/gcc-arm-none-eabi/7-2017-q4-major/bin/../lib/gcc/arm-none-eabi/7.2.1/../../../../arm-none-eabi/lib/thumb/v7-m/libc.a(lib_a-rand.o)
 .debug_frame   0x0000000000000074       0x30 /opt/gcc-arm-none-eabi/7-2017-q4-major/bin/../lib/gcc/arm-none-eabi/7.2.1/../../../../arm-none-eabi/lib/thumb/v7-m/libc.a(lib_a-time.o)
 .debug_frame   0x00000000000000a4       0x2c /opt/gcc-arm-none-eabi/7-2017-q4-major/bin/../lib/gcc/arm-none-eabi/7.2.1/../../../../arm-none-eabi/lib/thumb/v7-m/libc.a(lib_a-gettimeofdayr.o)
 .debug_frame   0x00000000000000d0       0x68 /opt/gcc-arm-none-eabi/7-2017-q4-major/bin/../lib/gcc/arm-none-eabi/7.2.1/../../../../arm-none-eabi/lib/thumb/v7-m/libc.a(lib_a-reent.o)
 .debug_frame   0x0000000000000138       0x80 /opt/gcc-arm-none-eabi/7-2017-q4-major/bin/../lib/gcc/arm-none-eabi/7.2.1/../../../../arm-none-eabi/lib/thumb/v7-m/libc.a(lib_a-freer.o)
 .debug_frame   0x00000000000001b8       0x4c /opt/gcc-arm-none-eabi/7-2017-q4-major/bin/../lib/gcc/arm-none-eabi/7.2.1/../../../../arm-none-eabi/lib/thumb/v7-m/libc.a(lib_a-mallocr.o)
 .debug_frame   0x0000000000000204       0x30 /opt/gcc-arm-none-eabi/7-2017-q4-major/bin/../lib/gcc/arm-none-eabi/7.2.1/../../../../arm-none-eabi/lib/thumb/v7-m/libc.a(lib_a-mlock.o)
 .debug_frame   0x0000000000000234       0x2c /opt/gcc-arm-none-eabi/7-2017-q4-major/bin/../lib/gcc/arm-none-eabi/7.2.1/../../../../arm-none-eabi/lib/thumb/v7-m/libc.a(lib_a-sbrkr.o)
 .debug_frame   0x0000000000000260       0xb0 /opt/gcc-arm-none-eabi/7-2017-q4-major/bin/../lib/gcc/arm-none-eabi/7.2.1/../../../../arm-none-eabi/lib/thumb/v7-m/libc.a(lib_a-lock.o)
