Archive member included to satisfy reference by file (symbol)

/home/an20421/applied_crypto/scale-hw/build/lpc1313fbd48/lib/libscale.a(scale.o)
                              /tmp/cc7d1ZOp.o (scale_init)
/home/an20421/applied_crypto/scale-hw/build/lpc1313fbd48/lib/libscale.a(bsp.o)
                              /home/an20421/applied_crypto/scale-hw/build/lpc1313fbd48/lib/libscale.a(scale.o) (scale_conf)
/home/an20421/applied_crypto/scale-hw/build/lpc1313fbd48/lib/libscale.a(lpc13xx.o)
                              /home/an20421/applied_crypto/scale-hw/build/lpc1313fbd48/lib/libscale.a(scale.o) (LPC13XX_SYSCON)
/home/an20421/applied_crypto/scale-hw/build/lpc1313fbd48/lib/libscale.a(crt0.o)
                              (__irq_table)
/opt/gcc-arm-none-eabi/7-2017-q4-major/bin/../lib/gcc/arm-none-eabi/7.2.1/../../../../arm-none-eabi/lib/thumb/v7-m/libc.a(lib_a-memcmp.o)
                              /tmp/cc7d1ZOp.o (memcmp)

Allocating common symbols
Common symbol       size              file

scale_conf          0x4               /home/an20421/applied_crypto/scale-hw/build/lpc1313fbd48/lib/libscale.a(bsp.o)

Memory Configuration

Name             Origin             Length             Attributes
rom              0x0000000000000000 0x0000000000008000 xr
ram              0x0000000010000000 0x0000000000002000 xrw
*default*        0x0000000000000000 0xffffffffffffffff

Linker script and memory map

LOAD /tmp/cc7d1ZOp.o
LOAD /home/an20421/applied_crypto/scale-hw/build/lpc1313fbd48/lib/libscale.a
START GROUP
LOAD /opt/gcc-arm-none-eabi/7-2017-q4-major/bin/../lib/gcc/arm-none-eabi/7.2.1/thumb/v7-m/libgcc.a
LOAD /opt/gcc-arm-none-eabi/7-2017-q4-major/bin/../lib/gcc/arm-none-eabi/7.2.1/../../../../arm-none-eabi/lib/thumb/v7-m/libc.a
END GROUP
                0x0000000000000000                . = 0x0

.text           0x0000000000000000     0x11a8
                0x0000000000000000                __head_text = .
 *(.data.__irq_handler)
 .data.__irq_handler
                0x0000000000000000       0x40 /home/an20421/applied_crypto/scale-hw/build/lpc1313fbd48/lib/libscale.a(crt0.o)
                0x0000000000000000                __irq_table
 *(.text.__irq_handler)
 .text.__irq_handler
                0x0000000000000040       0x48 /home/an20421/applied_crypto/scale-hw/build/lpc1313fbd48/lib/libscale.a(crt0.o)
                0x0000000000000040                __irq_handler_nul
                0x0000000000000042                __irq_handler_rst
 *(.text*)
 .text          0x0000000000000088      0x794 /tmp/cc7d1ZOp.o
                0x0000000000000088                aes_enc_fys_gen
                0x00000000000000c0                aes_enc_exp_step
                0x0000000000000118                aes_enc_exp_step_mask
                0x00000000000001d0                aes_enc_rnd_key
                0x00000000000001ec                aes_enc_rnd_key_fys
                0x0000000000000216                aes_enc_rnd_sub
                0x0000000000000230                aes_enc_rnd_sub_masked_fys
                0x0000000000000256                aes_enc_rnd_sub_masked
                0x0000000000000268                aes_enc_rnd_row
                0x000000000000029c                aes_enc_rnd_mix
                0x0000000000000324                aes_enc_rnd_mask_block
                0x0000000000000336                aes_enc_rnd_mask_col
                0x000000000000035c                aes_enc_rnd_remask_col
                0x0000000000000386                aes_enc_xor_block
                0x000000000000038a                byte_to_octet
                0x0000000000000406                octet_to_byte
                0x000000000000044a                octetstr_rd
                0x00000000000004d8                octetstr_wr
                0x00000000000004e0                aes
                0x0000000000000580                ansi_update
                0x00000000000005ba                aes_init
                0x00000000000006a4                aes_mask_fys
 .text.startup  0x000000000000081c      0x1f4 /tmp/cc7d1ZOp.o
                0x000000000000081c                main
 .text          0x0000000000000a10      0x4cc /home/an20421/applied_crypto/scale-hw/build/lpc1313fbd48/lib/libscale.a(scale.o)
                0x0000000000000a10                scale_init
                0x0000000000000cb4                scale_delay_us
                0x0000000000000cd0                scale_delay_ms
                0x0000000000000ce8                scale_tsc
                0x0000000000000cf8                scale_gpio_rd
                0x0000000000000d34                scale_gpio_wr
                0x0000000000000d84                scale_uart_rd_avail
                0x0000000000000d94                scale_uart_wr_avail
                0x0000000000000da4                scale_uart_rd
                0x0000000000000dbc                scale_uart_wr
                0x0000000000000dd4                scale_i2c_fsm
                0x0000000000000ec8                scale_i2c_rd
                0x0000000000000ed2                scale_i2c_wr
 .text          0x0000000000000edc        0x0 /home/an20421/applied_crypto/scale-hw/build/lpc1313fbd48/lib/libscale.a(bsp.o)
 .text          0x0000000000000edc        0x0 /home/an20421/applied_crypto/scale-hw/build/lpc1313fbd48/lib/libscale.a(lpc13xx.o)
 .text.lpc13xx  0x0000000000000edc        0x8 /home/an20421/applied_crypto/scale-hw/build/lpc1313fbd48/lib/libscale.a(lpc13xx.o)
                0x0000000000000edc                lpc13xx_irq_enable
                0x0000000000000ee0                lpc13xx_irq_unable
 .text          0x0000000000000ee4        0x0 /home/an20421/applied_crypto/scale-hw/build/lpc1313fbd48/lib/libscale.a(crt0.o)
 .text.__start  0x0000000000000ee4        0xa /home/an20421/applied_crypto/scale-hw/build/lpc1313fbd48/lib/libscale.a(crt0.o)
                0x0000000000000ee4                __start
 .text          0x0000000000000eee        0x0 /opt/gcc-arm-none-eabi/7-2017-q4-major/bin/../lib/gcc/arm-none-eabi/7.2.1/../../../../arm-none-eabi/lib/thumb/v7-m/libc.a(lib_a-memcmp.o)
 *fill*         0x0000000000000eee        0x2 
 .text.memcmp   0x0000000000000ef0       0x64 /opt/gcc-arm-none-eabi/7-2017-q4-major/bin/../lib/gcc/arm-none-eabi/7.2.1/../../../../arm-none-eabi/lib/thumb/v7-m/libc.a(lib_a-memcmp.o)
                0x0000000000000ef0                memcmp
 *(.text.*)
 *(.rodata*)
 .rodata        0x0000000000000f54      0x254 /tmp/cc7d1ZOp.o
                0x0000000000000f54                SBOX
                0x000000000000105d                XTIME
                0x00000000000011a4                NR
 *(.rodata.*)
                0x00000000000011a8                . = ALIGN (0x4)
                0x00000000000011a8                __foot_text = .

.glue_7         0x00000000000011a8        0x0
 .glue_7        0x00000000000011a8        0x0 linker stubs

.glue_7t        0x00000000000011a8        0x0
 .glue_7t       0x00000000000011a8        0x0 linker stubs

.vfp11_veneer   0x00000000000011a8        0x0
 .vfp11_veneer  0x00000000000011a8        0x0 linker stubs

.v4_bx          0x00000000000011a8        0x0
 .v4_bx         0x00000000000011a8        0x0 linker stubs

.iplt           0x00000000000011a8        0x0
 .iplt          0x00000000000011a8        0x0 /tmp/cc7d1ZOp.o

.rel.dyn        0x00000000000011a8        0x0
 .rel.iplt      0x00000000000011a8        0x0 /tmp/cc7d1ZOp.o

.data           0x0000000010000000       0x2c load address 0x00000000000011b0
                0x0000000010000000                __head_data = .
 *(.data)
 .data          0x0000000010000000        0x0 /tmp/cc7d1ZOp.o
 .data          0x0000000010000000        0x4 /home/an20421/applied_crypto/scale-hw/build/lpc1313fbd48/lib/libscale.a(scale.o)
                0x0000000010000000                SCALE_CONF
 .data          0x0000000010000004        0x0 /home/an20421/applied_crypto/scale-hw/build/lpc1313fbd48/lib/libscale.a(bsp.o)
 .data          0x0000000010000004        0x0 /home/an20421/applied_crypto/scale-hw/build/lpc1313fbd48/lib/libscale.a(lpc13xx.o)
 .data          0x0000000010000004        0x0 /home/an20421/applied_crypto/scale-hw/build/lpc1313fbd48/lib/libscale.a(crt0.o)
 .data          0x0000000010000004        0x0 /opt/gcc-arm-none-eabi/7-2017-q4-major/bin/../lib/gcc/arm-none-eabi/7.2.1/../../../../arm-none-eabi/lib/thumb/v7-m/libc.a(lib_a-memcmp.o)
 *(.data.*)
 .data.lpc13xx  0x0000000010000004       0x28 /home/an20421/applied_crypto/scale-hw/build/lpc1313fbd48/lib/libscale.a(lpc13xx.o)
                0x0000000010000004                LPC13XX_SYSCON
                0x0000000010000008                LPC13XX_IOCON
                0x000000001000000c                LPC13XX_GPIO0
                0x0000000010000010                LPC13XX_GPIO1
                0x0000000010000014                LPC13XX_GPIO2
                0x0000000010000018                LPC13XX_GPIO3
                0x000000001000001c                LPC13XX_UART
                0x0000000010000020                LPC13XX_I2C
                0x0000000010000024                LPC13XX_FMC
                0x0000000010000028                LPC13XX_SYSTICK
                0x000000001000002c                . = ALIGN (0x4)
                0x000000001000002c                __foot_data = .

.igot.plt       0x000000001000002c        0x0 load address 0x00000000000011dc
 .igot.plt      0x000000001000002c        0x0 /tmp/cc7d1ZOp.o

.bss            0x0000000010000030        0x4 load address 0x00000000000011e0
                0x0000000010000030                __head_bss = .
 *(.bss)
 .bss           0x0000000010000030        0x0 /tmp/cc7d1ZOp.o
 .bss           0x0000000010000030        0x0 /home/an20421/applied_crypto/scale-hw/build/lpc1313fbd48/lib/libscale.a(scale.o)
 .bss           0x0000000010000030        0x0 /home/an20421/applied_crypto/scale-hw/build/lpc1313fbd48/lib/libscale.a(bsp.o)
 .bss           0x0000000010000030        0x0 /home/an20421/applied_crypto/scale-hw/build/lpc1313fbd48/lib/libscale.a(lpc13xx.o)
 .bss           0x0000000010000030        0x0 /home/an20421/applied_crypto/scale-hw/build/lpc1313fbd48/lib/libscale.a(crt0.o)
 .bss           0x0000000010000030        0x0 /opt/gcc-arm-none-eabi/7-2017-q4-major/bin/../lib/gcc/arm-none-eabi/7.2.1/../../../../arm-none-eabi/lib/thumb/v7-m/libc.a(lib_a-memcmp.o)
 *(.bss.*)
                0x0000000010000030                . = ALIGN (0x4)
                0x0000000010000030                __foot_bss = .
 COMMON         0x0000000010000030        0x4 /home/an20421/applied_crypto/scale-hw/build/lpc1313fbd48/lib/libscale.a(bsp.o)
                0x0000000010000030                scale_conf
                [!provide]                        PROVIDE (__load_text, LOADADDR (.text))
                0x00000000000011b0                PROVIDE (__load_data, LOADADDR (.data))
                0x00000000000011e0                PROVIDE (__load_bss, LOADADDR (.bss))
                0x0000000010002000                PROVIDE (__tos, (ORIGIN (ram) + LENGTH (ram)))
OUTPUT(target-mfys.elf elf32-littlearm)

.comment        0x0000000000000000       0x7e
 .comment       0x0000000000000000       0x7e /tmp/cc7d1ZOp.o
                                         0x7f (size before relaxing)
 .comment       0x000000000000007e       0x7f /home/an20421/applied_crypto/scale-hw/build/lpc1313fbd48/lib/libscale.a(scale.o)
 .comment       0x000000000000007e       0x7f /home/an20421/applied_crypto/scale-hw/build/lpc1313fbd48/lib/libscale.a(bsp.o)

.ARM.attributes
                0x0000000000000000       0x31
 .ARM.attributes
                0x0000000000000000       0x33 /tmp/cc7d1ZOp.o
 .ARM.attributes
                0x0000000000000033       0x33 /home/an20421/applied_crypto/scale-hw/build/lpc1313fbd48/lib/libscale.a(scale.o)
 .ARM.attributes
                0x0000000000000066       0x33 /home/an20421/applied_crypto/scale-hw/build/lpc1313fbd48/lib/libscale.a(bsp.o)
 .ARM.attributes
                0x0000000000000099       0x21 /home/an20421/applied_crypto/scale-hw/build/lpc1313fbd48/lib/libscale.a(lpc13xx.o)
 .ARM.attributes
                0x00000000000000ba       0x21 /home/an20421/applied_crypto/scale-hw/build/lpc1313fbd48/lib/libscale.a(crt0.o)
 .ARM.attributes
                0x00000000000000db       0x2d /opt/gcc-arm-none-eabi/7-2017-q4-major/bin/../lib/gcc/arm-none-eabi/7.2.1/../../../../arm-none-eabi/lib/thumb/v7-m/libc.a(lib_a-memcmp.o)

.debug_frame    0x0000000000000000       0x38
 .debug_frame   0x0000000000000000       0x38 /opt/gcc-arm-none-eabi/7-2017-q4-major/bin/../lib/gcc/arm-none-eabi/7.2.1/../../../../arm-none-eabi/lib/thumb/v7-m/libc.a(lib_a-memcmp.o)
